(module
  (type (;0;) (func))
  (func (;0;) (type 0)
    i32.const 1
    i32.const 2
    i32.const 3
    i32.add
    i32.const 4
    i32.add
    i32.add
    drop)
  (start 0))
